// Jest Snapshot v1, https://goo.gl/fbAQLP

exports[`renders correctly 1`] = `
<div
  className="rack"
>
  <div
    className="dotsContainer"
  >
    <a
      className="dot"
      onClick={[Function]}
    />
    <a
      className="dot"
      onClick={[Function]}
    />
    <a
      className="dot"
      onClick={[Function]}
    />
  </div>
</div>
`;
